// Jest Snapshot v1, https://goo.gl/fbAQLP

exports[`<CustomCard /> Should match the CustomCard snapshot 1`] = `[Function]`;
