// Jest Snapshot v1, https://goo.gl/fbAQLP

exports[`<ActionsMenu /> Should match the ActionsMenu snapshot 1`] = `[Function]`;
