// Jest Snapshot v1, https://goo.gl/fbAQLP

exports[`<UserProfileCard /> Should match the UserProfileCard snapshot 1`] = `[Function]`;
