// Jest Snapshot v1, https://goo.gl/fbAQLP

exports[`<ToastNotification /> Should match the ToastNotification snapshot 1`] = `[Function]`;
